CHECK BASE PASSED
INT64 GET PASSED
UINT64 GET PASSED
PASSED
