test_basic_printbuf_memset: starting test
Buffer contents:blue:1xxxxxxxxxxxxxxxxxxxxxxxxxxxxxxxxxxxxxxxxxxxxxxxxxxxx
test_basic_printbuf_memset: end test
========================================
test_printbuf_memset_length: starting test
Buffer length: 0
Buffer length: 12
Buffer length: 18
Buffer length: 76
Buffer length: 76
Buffer length: 77
test_printbuf_memset_length: end test
========================================
test_printbuf_memappend: starting test
Buffer length: 0
Appended 32 bytes for resize: [xxxxxxxxxxxxxxxxxxxxxxxxxxxxxxxx]
Partial append: 3, [blu]
With embedded \0 character: 4, [ab]
Append to just before resize: 31, [XXXXXXXXXXXXXXXXXXXXXXXXXXXXXXX]
Append to just after resize: 32, [XXXXXXXXXXXXXXXXXXXXXXXXXXXXXXXX]
test_printbuf_memappend: end test
========================================
