INT PASSED
INT64 PASSED
BOOL PASSED
DOUBLE PASSED
PASSED
